2026-04-21T13:34:34.930263	Kevin	1_ap_final_L.bmp	None	'IV'
2026-04-21T13:34:46.881409	Kevin	1_ap_final_L.bmp	'IV'	'IIIb'
2026-04-21T13:35:47.122244	Kevin	1_ap_final_L.bmp	'IIIb'	'IV'
2026-04-21T13:35:57.873645	Kevin	1_ap_final_L.bmp	'IV'	'IV'
2026-04-21T13:36:48.609562	Kevin	Patient_1_AP_3_month_L.bmp	None	'IIa'
2026-04-21T13:37:38.785424	Kevin	Patient_1_AP_42_month_L.bmp	None	'IIIb'
2026-04-21T13:38:05.329742	Kevin	Patient_1_AP_48_month_L.bmp	None	'IIIb'
2026-04-21T13:38:55.042162	Kevin	Patient_2_AP_48_month_L.bmp	None	'IIIb'
2026-04-21T13:39:01.313427	Kevin	Patient_2_AP_5_years_L.bmp	None	'IIIb'
2026-04-21T13:39:37.124080	Kevin	Patient_5_AP_3_month_L.bmp	None	'Ib'
2026-04-21T13:40:02.643758	Kevin	Patient_5_AP_6_month_L.bmp	None	'IIa'
2026-04-21T13:41:09.859948	Kevin	Patient_5_AP_12_month_L.bmp	None	'IIb'
2026-04-21T13:41:18.644056	Kevin	Patient_6_AP_48_month_R.bmp	None	'IIIb'
2026-04-21T13:41:24.948145	Kevin	Patient_6_AP_54_month_R.bmp	None	'IIIb'
2026-04-21T13:41:35.108168	Kevin	Patient_14_ap_final_R.bmp	None	'IIIb'
2026-04-21T13:41:41.780056	Kevin	Patient_15_AP_42_month_R.bmp	None	'IIIb'
2026-04-21T13:41:56.742423	Kevin	Patient_18_ap_initial_R.bmp	None	'Ib'
2026-04-21T13:42:02.212214	Kevin	Patient_19_ap_initial_L.bmp	None	'IIa'
2026-04-21T13:42:08.340114	Kevin	Patient_19_ap_initial_L.bmp	'IIa'	'Ib'
2026-04-21T13:42:24.900808	Kevin	Patient_20_AP_36_month_R.bmp	None	'IIIb'
2026-04-21T13:42:45.619215	Kevin	Patient_23_AP_12_month_L.bmp	None	'IIIa'
2026-04-21T13:43:04.052955	Kevin	Patient_23_AP_18_month_L.bmp	None	'IIIb'
2026-04-21T13:43:44.756753	Kevin	Patient_23_AP_48_month_L.bmp	None	'IV'
2026-04-21T13:43:56.052813	Kevin	Patient_25_ap_initial_R.bmp	None	'Ib'
2026-04-21T13:44:06.821516	Kevin	Patient_25_ap_final_R.bmp	None	'IIIb'
2026-04-21T13:44:16.004232	Kevin	Patient_26_ap_initial_L.bmp	None	'Ib'
2026-04-21T13:44:40.069693	Kevin	Patient_31_AP_6_month_R.bmp	None	'IIb'
2026-04-21T13:44:47.349058	Kevin	Patient_31_AP_42_month_R.bmp	None	'IIIb'
2026-04-21T13:44:57.397528	Kevin	Patient_32_AP_3_month_R.bmp	None	'IIa'
2026-04-21T13:45:38.645581	Kevin	Patient_33_AP_6_month_L.bmp	None	'Ib'
2026-04-21T13:45:53.973607	Kevin	Patient_33_AP_30_month_L.bmp	None	'IIIb'
2026-04-21T13:46:29.622573	Kevin	Patient_34_ap_initial_R.bmp	None	'Ib'
2026-04-21T13:46:38.199471	Kevin	Patient_34_AP_48_month_R.bmp	None	'IIIb'
2026-04-21T13:46:50.230513	Kevin	Patient_35_ap_initial_L.bmp	None	'Ib'
2026-04-21T13:46:56.261854	Kevin	Patient_36_AP_24_month_R.bmp	None	'IIIb'
2026-04-21T13:47:01.829516	Kevin	Patient_37_AP_3_month_L.bmp	None	'Ib'
2026-04-21T13:47:24.391104	Kevin	Patient_37_AP_18_month_L.bmp	None	'IIIb'
2026-04-21T13:47:32.309825	Kevin	Patient_39_ap_initial_L.bmp	None	'Ib'
2026-04-21T13:47:37.495409	Kevin	Patient_40_AP_36_month_R.bmp	None	'IIIb'
2026-04-21T13:47:40.422635	Kevin	Patient_40_AP_48_month_R.bmp	None	'IIIb'
2026-04-21T13:47:48.742429	Kevin	Patient_40_ap_final_R.bmp	None	'IIIb'
2026-04-21T13:48:03.381968	Kevin	Patient_41_AP_42_month_L.bmp	None	'IIIb'
2026-04-21T13:48:24.071346	Kevin	Patient_43_AP_6_month_L.bmp	None	'IIb'
2026-04-21T13:48:32.374402	Kevin	Patient_43_AP_30_month_L.bmp	None	'IIIb'
2026-04-21T13:48:45.095278	Kevin	Patient_44_ap_initial_L.bmp	None	'Ia'
2026-04-21T13:49:15.063989	Kevin	Patient_44_AP_6_month_L.bmp	None	'IIIa'
2026-04-21T13:49:18.839871	Kevin	Patient_44_AP_12_month_L.bmp	None	'IIIa'
2026-04-21T13:49:34.150666	Kevin	Patient_44_ap_initial_L.bmp	'Ia'	'Ib'
2026-04-21T13:50:11.943542	Kevin	Patient_44_AP_3_month_L.bmp	None	'IIb'
2026-04-21T13:50:21.095751	Kevin	Patient_44_AP_24_month_L.bmp	None	'IIIb'
2026-04-21T13:50:25.767828	Kevin	Patient_44_AP_36_month_L.bmp	None	'IIIb'
2026-04-21T13:51:03.143721	Kevin	Patient_45_AP_12_month_L.bmp	None	'IIIa'
2026-04-21T13:51:11.559327	Kevin	Patient_45_AP_42_month_L.bmp	None	'IIIb'
2026-04-21T13:51:25.176479	Kevin	Patient_47_AP_18_month_L.bmp	None	'IIIa'
2026-04-21T13:51:34.568248	Kevin	Patient_49_AP_3_month_R.bmp	None	'IIb'
2026-04-21T13:52:07.624367	Kevin	Patient_54_AP_6_month_L.bmp	None	'IIb'
2026-04-21T13:52:20.505160	Kevin	Patient_54_AP_30_month_L.bmp	None	'IIIb'
2026-04-21T13:52:23.031536	Kevin	Patient_54_AP_36_month_L.bmp	None	'IIIb'
2026-04-21T13:52:33.752375	Kevin	Patient_55_AP_18_month_R.bmp	None	'IIIb'
2026-04-21T13:52:45.976282	Kevin	Patient_60_ap_initial_L.bmp	None	'Ib'
2026-04-21T13:52:52.424680	Kevin	Patient_60_ap_final_L.bmp	None	'IIIb'
2026-04-21T13:52:58.232616	Kevin	Patient_64_ap_initial_L.bmp	None	'Ib'
2026-04-21T13:54:26.968976	Kevin	Patient_65_ap_initial_R.bmp	None	'IIa'
2026-04-21T13:54:32.744060	Kevin	Patient_65_AP_3_month_R.bmp	None	'Ib'
2026-04-21T13:54:48.808409	Kevin	Patient_66_ap_initial_R.bmp	None	'Ib'
2026-04-21T13:55:02.920060	Kevin	Patient_67_AP_3_month_L.bmp	None	'Ia'
2026-04-21T13:55:05.736516	Kevin	Patient_67_AP_3_month_L.bmp	'Ia'	'Ib'
2026-04-21T13:55:13.497204	Kevin	Patient_68_AP_24_month_L.bmp	None	'IIIb'
2026-04-21T13:55:25.464958	Kevin	Patient_70_ap_initial_R.bmp	None	'Ib'
2026-04-21T13:55:30.265358	Kevin	Patient_71_ap_initial_L.bmp	None	'Ib'
2026-04-21T13:55:37.049122	Kevin	Patient_71_AP_3_month_L.bmp	None	'Ib'
2026-04-21T13:55:40.008516	Kevin	Patient_71_AP_6_month_L.bmp	None	'Ib'
2026-04-21T14:00:51.913947	Kevin	Patient_71_AP_18_month_L.bmp	None	'IIIa'
2026-04-21T14:01:01.338326	Kevin	Patient_71_AP_5_years_L.bmp	None	'IIIb'
2026-04-21T14:01:22.890640	Kevin	Patient_71_ap_final_L.bmp	None	'IIIb'
2026-04-21T14:01:31.834103	Kevin	Patient_72_AP_6_month_R.bmp	None	'IIa'
2026-04-21T14:01:35.737901	Kevin	Patient_72_AP_6_month_R.bmp	'IIa'	'Ib'
2026-04-21T14:01:53.049596	Kevin	Patient_72_AP_12_month_R.bmp	None	'IIIa'
2026-04-21T14:02:01.369587	Kevin	Patient_72_AP_18_month_R.bmp	None	'IIIb'
2026-04-21T14:02:09.178248	Kevin	Patient_74_AP_36_month_L.bmp	None	'IIIb'
2026-04-21T14:02:41.402938	Kevin	Patient_75_AP_3_month_L.bmp	None	'Ib'
2026-04-21T14:03:30.810834	Kevin	Patient_75_AP_12_month_L.bmp	None	'Ib'
2026-04-21T14:03:36.618735	Kevin	Patient_76_ap_initial_R.bmp	None	'Ib'
2026-04-21T14:03:43.498496	Kevin	Patient_78_AP_30_month_R.bmp	None	'IIIb'
2026-04-21T14:03:55.306740	Kevin	Patient_78_AP_36_month_R.bmp	None	'IIIb'
2026-04-21T14:04:37.516525	Kevin	Patient_79_AP_24_month_R.bmp	None	'IIIb'
2026-04-21T14:04:46.875191	Kevin	Patient_84_AP_12_month_R.bmp	None	'IIIa'
2026-04-21T14:04:54.186789	Kevin	Patient_84_AP_36_month_R.bmp	None	'IIIa'
2026-04-21T14:04:58.139613	Kevin	Patient_84_AP_36_month_R.bmp	'IIIa'	'IIIb'
2026-04-21T14:05:02.506857	Kevin	Patient_84_AP_42_month_R.bmp	None	'IIIb'
2026-04-21T14:05:12.474842	Kevin	Patient_87_ap_initial_L.bmp	None	'Ib'
2026-04-21T14:05:44.539170	Kevin	Patient_87_ap_final_L.bmp	None	'IIIb'
2026-04-21T14:05:58.057774	Kevin	Patient_88_ap_initial_R.bmp	None	'Ib'
2026-04-21T14:06:05.930937	Kevin	Patient_88_ap_final_R.bmp	None	'IIIb'
2026-04-21T14:06:11.578861	Kevin	Patient_90_ap_initial_L.bmp	None	'Ib'
2026-04-21T14:06:29.947342	Kevin	Patient_91_ap_initial_R.bmp	None	'Ib'
2026-04-21T14:06:38.395880	Kevin	Patient_91_AP_3_month_R.bmp	None	'IIa'
2026-04-21T14:06:51.931570	Kevin	Patient_92_ap_initial_L.bmp	None	'Ib'
2026-04-21T14:07:04.394830	Kevin	Patient_92_AP_3_month_L.bmp	None	'IIa'
2026-04-21T14:07:10.667711	Kevin	Patient_92_AP_6_month_L.bmp	None	'IIb'
2026-04-21T14:07:18.858216	Kevin	Patient_92_AP_36_month_L.bmp	None	'IIIb'
2026-04-21T14:07:36.186803	Kevin	Patient_93_AP_12_month_L.bmp	None	'IIIa'
2026-04-21T14:08:28.490628	Kevin	Patient_93_AP_24_month_L.bmp	None	'IIIa'
2026-04-21T14:08:34.666926	Kevin	Patient_93_AP_5_years_L.bmp	None	'IIIb'
2026-04-21T14:08:38.954350	Kevin	Patient_94_AP_24_month_L.bmp	None	'IIIb'
2026-04-21T14:10:05.595323	Kevin	Patient_94_AP_30_month_L.bmp	None	'IIIb'
2026-04-21T14:10:11.371608	Kevin	Patient_96_AP_12_month_R.bmp	None	'IIIb'
2026-04-21T14:10:14.538422	Kevin	Patient_96_AP_30_month_R.bmp	None	'IIIb'
2026-04-21T14:10:23.770964	Kevin	Patient_97_ap_initial_R.bmp	None	'Ib'
2026-04-21T14:10:34.266821	Kevin	Patient_97_AP_30_month_R.bmp	None	'IIIb'
2026-04-21T14:10:40.171564	Kevin	Patient_97_AP_36_month_R.bmp	None	'IIIb'
2026-04-21T14:10:46.603394	Kevin	Patient_97_AP_42_month_R.bmp	None	'IIIb'
2026-04-21T14:10:54.283740	Kevin	Patient_98_ap_initial_R.bmp	None	'Ib'
2026-04-21T14:11:41.386636	Kevin	Patient_98_AP_6_month_R.bmp	None	'IIa'
2026-04-21T14:11:50.042598	Kevin	Patient_99_ap_initial_L.bmp	None	'Ib'
2026-04-21T14:12:00.908002	Kevin	Patient_100_AP_54_month_R.bmp	None	'IIIb'
2026-04-21T14:12:14.891785	Kevin	Patient_101_ap_initial_R.bmp	None	'Ib'
2026-04-21T14:12:23.739177	Kevin	Patient_101_AP_18_month_R.bmp	None	'IIIb'
2026-04-21T14:12:52.107934	Kevin	Patient_101_AP_18_month_R.bmp	'IIIb'	'IIIa'
2026-04-21T14:13:02.828202	Kevin	Patient_101_AP_42_month_R.bmp	None	'IIIb'
2026-04-21T14:21:58.300065	Kevin	Patient_102_ap_initial_R.bmp	None	'IIIa'
2026-04-21T14:22:05.147610	Kevin	Patient_102_AP_3_month_R.bmp	None	'IIIa'
2026-04-21T14:22:09.947518	Kevin	Patient_102_AP_6_month_R.bmp	None	'IIIa'
2026-04-21T14:22:19.531161	Kevin	Patient_102_AP_12_month_R.bmp	None	'IIIa'
2026-04-21T14:22:22.236129	Kevin	Patient_102_AP_18_month_R.bmp	None	'IIIb'
2026-04-21T14:22:41.835966	Kevin	Patient_103_ap_final_L.bmp	None	'IIIa'
2026-04-21T14:22:53.467569	Kevin	Patient_105_AP_24_month_L.bmp	None	'IIIb'
2026-04-21T14:23:04.331163	Kevin	Patient_105_AP_30_month_L.bmp	None	'IIIb'
2026-04-21T14:23:09.884357	Kevin	Patient_105_AP_42_month_L.bmp	None	'IV'
2026-04-21T14:23:17.164307	Kevin	Patient_106_ap_initial_R.bmp	None	'Ib'
2026-04-21T14:23:23.788612	Kevin	Patient_106_AP_3_month_R.bmp	None	'Ib'
2026-04-21T14:23:31.276164	Kevin	Patient_106_AP_6_month_R.bmp	None	'IIb'
2026-04-21T14:23:51.051688	Kevin	Patient_109_AP_48_month_R.bmp	None	'IV'
2026-04-21T14:23:56.652533	Kevin	Patient_109_ap_final_R.bmp	None	'IV'
2026-04-21T14:25:09.628538	Kevin	Patient_110_AP_6_month_R.bmp	None	'IIIb'
2026-04-21T14:25:14.651574	Kevin	Patient_115_ap_initial_R.bmp	None	'Ib'
2026-04-21T14:25:18.460289	Kevin	Patient_117_AP_36_month_L.bmp	None	'IV'
2026-04-21T14:25:25.724344	Kevin	Patient_118_ap_initial_L.bmp	None	'IIa'
2026-04-21T14:25:35.626968	Kevin	Patient_118_AP_24_month_L.bmp	None	'IIIb'
2026-04-21T14:25:42.155991	Kevin	Patient_120_AP_3_month_R.bmp	None	'Ib'
2026-04-21T14:26:44.779817	Kevin	Patient_120_AP_18_month_R.bmp	None	'IIIa'
2026-04-21T14:26:51.290987	Kevin	Patient_122_ap_initial_L.bmp	None	'Ib'
2026-04-21T14:27:07.115861	Kevin	Patient_122_AP_6_month_L.bmp	None	'IIb'
2026-04-21T14:27:20.074777	Kevin	Patient_123_ap_initial_R.bmp	None	'Ib'
2026-04-21T14:27:32.699809	Kevin	Patient_127_ap_initial_R.bmp	None	'IIa'
2026-04-21T14:27:37.660075	Kevin	Patient_127_ap_initial_R.bmp	'IIa'	'Ib'
2026-04-21T14:27:48.156135	Kevin	Patient_127_AP_6_month_R.bmp	None	'Ib'
2026-04-21T14:28:28.315341	Kevin	Patient_127_AP_3_month_R.bmp	None	'Ib'
2026-04-21T14:29:21.067989	Kevin	Patient_128_ap_initial_R.bmp	None	'Ib'
2026-04-21T14:29:26.092112	Kevin	Patient_130_ap_initial_L.bmp	None	'Ib'
2026-04-21T14:29:31.771624	Kevin	Patient_130_ap_final_L.bmp	None	'IV'
2026-04-21T14:29:45.340291	Kevin	Patient_131_ap_initial_L.bmp	None	'Ib'
2026-04-21T14:29:49.771557	Kevin	Patient_132_ap_initial_R.bmp	None	'Ib'
2026-04-21T14:29:53.356117	Kevin	Patient_132_AP_3_month_R.bmp	None	'Ib'
2026-04-21T14:30:30.427237	Kevin	Patient_132_AP_12_month_R.bmp	None	'IIIa'
2026-04-21T14:30:41.739489	Kevin	Patient_132_AP_30_month_R.bmp	None	'IIIb'
2026-04-21T14:30:47.819026	Kevin	Patient_133_ap_initial_R.bmp	None	'Ib'
2026-04-21T14:31:01.979169	Kevin	Patient_133_AP_3_month_R.bmp	None	'IIa'
2026-04-21T14:31:15.803814	Kevin	Patient_134_AP_24_month_L.bmp	None	'IIIa'
2026-04-21T14:31:19.947243	Kevin	Patient_134_AP_42_month_L.bmp	None	'IIIb'
2026-04-21T14:31:25.660276	Kevin	Patient_135_ap_initial_L.bmp	None	'Ib'
2026-04-21T14:31:28.955588	Kevin	Patient_135_AP_3_month_L.bmp	None	'Ib'
2026-04-21T14:31:35.004165	Kevin	Patient_135_AP_6_month_L.bmp	None	'Ib'
2026-04-21T14:31:40.715479	Kevin	Patient_135_AP_12_month_L.bmp	None	'IIb'
2026-04-21T14:31:49.691518	Kevin	Patient_135_AP_36_month_L.bmp	None	'IIIb'
2026-04-21T14:31:55.419574	Kevin	Patient_135_AP_48_month_L.bmp	None	'IIIb'
2026-04-21T14:32:10.299885	Kevin	Patient_136_ap_initial_R.bmp	None	'Ib'
2026-04-21T14:32:16.092550	Kevin	Patient_137_AP_3_month_R.bmp	None	'Ib'
2026-04-21T14:32:24.635476	Kevin	Patient_138_ap_initial_L.bmp	None	'Ib'
2026-04-21T14:32:29.003347	Kevin	Patient_139_ap_initial_R.bmp	None	'Ib'
2026-04-21T14:32:36.506755	Kevin	Patient_139_ap_final_R.bmp	None	'IIIb'
2026-04-21T14:32:41.531900	Kevin	Patient_141_ap_final_R.bmp	None	'IIIb'
2026-04-21T14:32:46.650965	Kevin	Patient_144_AP_54_month_R.bmp	None	'IIIb'
2026-04-21T14:32:51.419150	Kevin	Patient_144_AP_5_years_R.bmp	None	'IIIb'
2026-04-21T14:33:29.723598	Kevin	Patient_145_ap_initial_L.bmp	None	'Ib'
2026-04-21T14:33:38.411803	Kevin	Patient_147_AP_6_month_R.bmp	None	'Ib'
2026-04-21T14:34:04.027391	Kevin	Patient_147_AP_18_month_R.bmp	None	'IIIb'
2026-04-21T14:34:11.626768	Kevin	Patient_147_AP_12_month_R.bmp	None	'IIIa'
2026-04-21T14:34:21.578930	Kevin	Patient_147_AP_30_month_R.bmp	None	'IV'
2026-04-21T14:34:29.115551	Kevin	Patient_151_AP_6_month_R.bmp	None	'Ib'
2026-04-21T14:34:36.666647	Kevin	Patient_151_AP_5_years_R.bmp	None	'IIIb'
2026-04-21T14:35:25.035516	Kevin	Patient_151_AP_54_month_R.bmp	None	'IIIb'
2026-04-21T14:35:47.162907	Kevin	Patient_151_AP_FinalSM_R.bmp	None	'IIIb'
2026-04-21T14:35:54.747958	Kevin	Patient_156_AP_6_month_L.bmp	None	'IIIb'
2026-04-21T14:36:02.604057	Kevin	Patient_161_AP_6_month_R.bmp	None	'IIb'
2026-04-21T14:36:16.395283	Kevin	Patient_161_AP_24_month_R.bmp	None	'IIIb'
2026-04-21T14:36:23.018939	Kevin	Patient_164_AP_24_month_L.bmp	None	'IIIb'
2026-04-21T14:36:28.859467	Kevin	Patient_165_AP_12_month_L.bmp	None	'IIIa'
2026-04-21T14:36:36.506850	Kevin	Patient_165_AP_30_month_L.bmp	None	'IIIa'
2026-04-21T14:36:56.043608	Kevin	Patient_167_AP_18_month_R.bmp	None	'IIIa'
2026-04-21T14:39:13.514328	Kevin	Patient_170_ap_initial_R.bmp	None	'Ia'
2026-04-21T14:39:16.459294	Kevin	Patient_170_AP_3_month_R.bmp	None	'Ia'
2026-04-21T14:39:28.923170	Kevin	Patient_170_ap_initial_R.bmp	'Ia'	'Ib'
2026-04-21T14:39:31.019280	Kevin	Patient_170_AP_3_month_R.bmp	'Ia'	'Ib'
2026-04-21T14:39:32.541951	Kevin	Patient_170_AP_6_month_R.bmp	None	'Ib'
2026-04-21T14:39:33.991317	Kevin	Patient_170_AP_12_month_R.bmp	None	'Ib'
2026-04-21T14:39:45.450652	Kevin	Patient_170_AP_5_years_R.bmp	None	'IIIb'
2026-04-21T14:39:51.994213	Kevin	Patient_171_AP_3_month_R.bmp	None	'Ib'
2026-04-21T14:39:53.966241	Kevin	Patient_171_AP_6_month_R.bmp	None	'Ib'
2026-04-21T14:39:55.812344	Kevin	Patient_171_AP_12_month_R.bmp	None	'Ib'
2026-04-21T14:41:05.067077	Kevin	Patient_171_AP_18_month_R.bmp	None	'Ib'
2026-04-21T14:41:07.070281	Kevin	Patient_171_AP_24_month_R.bmp	None	'Ib'
2026-04-21T14:41:08.632732	Kevin	Patient_171_AP_30_month_R.bmp	None	'Ib'
2026-04-21T14:41:09.733389	Kevin	Patient_171_AP_36_month_R.bmp	None	'Ib'
2026-04-21T14:41:18.746938	Kevin	Patient_171_AP_42_month_R.bmp	None	'Ib'
2026-04-21T14:41:29.995562	Kevin	Patient_172_AP_3_month_L.bmp	None	'Ib'
2026-04-21T14:41:40.746356	Kevin	Patient_172_ap_initial_L.bmp	None	'Ib'
2026-04-21T14:41:49.179443	Kevin	Patient_172_AP_5_years_L.bmp	None	'IV'
2026-04-21T14:41:52.553970	Kevin	Patient_172_ap_final_L.bmp	None	'IV'
2026-04-21T14:41:58.906959	Kevin	Patient_173_AP_12_month_R.bmp	None	'Ib'
2026-04-21T14:42:08.010611	Kevin	Patient_173_AP_24_month_R.bmp	None	'Ib'
2026-04-21T14:42:13.163469	Kevin	Patient_173_AP_30_month_R.bmp	None	'Ib'
2026-04-21T14:42:18.955267	Kevin	Patient_174_AP_3_month_R.bmp	None	'Ib'
2026-04-21T14:42:23.130162	Kevin	Patient_174_AP_6_month_R.bmp	None	'Ib'
2026-04-21T14:42:27.802301	Kevin	Patient_174_AP_12_month_R.bmp	None	'Ib'
2026-04-21T14:42:29.474183	Kevin	Patient_174_AP_18_month_R.bmp	None	'Ib'
2026-04-21T14:42:30.896928	Kevin	Patient_174_AP_24_month_R.bmp	None	'Ib'
2026-04-21T14:42:32.828640	Kevin	Patient_174_AP_30_month_R.bmp	None	'Ib'
2026-04-21T14:42:39.530897	Kevin	Patient_176_ap_final_R.bmp	None	'IIIa'
2026-04-21T14:42:53.994788	Kevin	Patient_177_ap_initial_L.bmp	None	'Ib'
2026-04-21T14:43:00.843062	Kevin	Patient_181_ap_final_L.bmp	None	'IIIb'
2026-04-21T14:43:08.394591	Kevin	Patient_182_ap_final_L.bmp	None	'IIIb'
2026-04-21T14:43:19.051324	Kevin	Patient_182_ap_final_L.bmp	'IIIb'	'IIIb'
2026-04-21T14:43:26.202667	Kevin	Patient_187_ap_initial_L.bmp	None	'Ib'
2026-04-21T14:43:50.410796	Kevin	Patient_187_AP_6_month_L.bmp	None	'Ib'
2026-04-21T14:44:03.401782	Kevin	Patient_187_AP_48_month_L.bmp	None	'IIIb'
2026-04-21T14:44:13.242165	Kevin	Patient_188_ap_initial_R.bmp	None	'Ib'
2026-04-21T14:44:17.354476	Kevin	Patient_188_AP_3_month_R.bmp	None	'Ib'
2026-04-21T14:44:23.513669	Kevin	Patient_188_AP_6_month_R.bmp	None	'IIIa'
2026-04-21T14:44:28.953663	Kevin	Patient_188_AP_12_month_R.bmp	None	'IIIb'
2026-04-21T14:44:32.986164	Kevin	Patient_188_AP_24_month_R.bmp	None	'IV'
2026-04-21T14:44:40.779115	Kevin	Patient_188_AP_FinalSM_R.bmp	None	'IV'
2026-04-21T14:44:44.746186	Kevin	Patient_189_ap_initial_R.bmp	None	'Ib'
2026-04-21T14:44:51.481180	Kevin	Patient_189_AP_3_month_R.bmp	None	'Ib'
2026-04-21T14:45:41.690735	Kevin	Patient_190_AP_6_month_L.bmp	None	'IIa'
2026-04-21T14:45:48.348101	Kevin	Patient_192_AP_3_month_R.bmp	None	'IIa'
2026-04-21T14:45:55.354988	Kevin	Patient_192_AP_6_month_R.bmp	None	'IV'
2026-04-21T14:46:07.385668	Kevin	Patient_192_AP_6_month_R.bmp	'IV'	'IIIa'
2026-04-21T14:46:24.042088	Kevin	Patient_193_AP_3_month_L.bmp	None	'Ib'
2026-04-21T14:46:35.787496	Kevin	Patient_193_AP_6_month_L.bmp	None	'Ib'
2026-04-21T14:46:57.851662	Kevin	Patient_193_AP_30_month_L.bmp	None	'IIIb'
2026-04-21T14:47:05.739634	Kevin	Patient_195_AP_FinalSM_L.bmp	None	'IIIb'
2026-04-21T14:47:18.155911	Kevin	Patient_196_AP_12_month_R.bmp	None	'IIIa'
2026-04-21T14:47:23.515266	Kevin	Patient_196_AP_30_month_R.bmp	None	'IIIa'
2026-04-21T14:47:37.818851	Kevin	Patient_197_AP_3_month_R.bmp	None	'IIa'
2026-04-21T14:49:03.564387	Kevin	Patient_197_AP_12_month_R.bmp	None	'IIIb'
2026-04-21T14:49:06.251977	Kevin	Patient_197_AP_6_month_R.bmp	None	'IIIa'
2026-04-21T14:49:28.172236	Kevin	Patient_198_AP_3_month_R.bmp	None	'IIa'
2026-04-21T14:50:01.085602	Kevin	Patient_198_AP_6_month_R.bmp	None	'IIb'
2026-04-21T14:50:15.340268	Kevin	Patient_198_AP_12_month_R.bmp	None	'IIIa'
2026-04-21T14:50:22.123933	Kevin	Patient_198_AP_18_month_R.bmp	None	'IIIa'
2026-04-21T14:50:49.021040	Kevin	Patient_199_AP_6_month_L.bmp	None	'IIa'
2026-04-21T14:50:55.036401	Kevin	Patient_199_AP_12_month_L.bmp	None	'IIIb'
2026-04-21T14:51:03.246448	Kevin	Patient_199_AP_30_month_L.bmp	None	'IIIb'
2026-04-21T14:51:10.093357	Kevin	Patient_201_AP_6_month_L.bmp	None	'IIIa'
2026-04-21T14:51:16.509513	Kevin	Patient_201_AP_24_month_L.bmp	None	'IIIb'
2026-04-21T14:51:20.589406	Kevin	Patient_201_AP_42_month_L.bmp	None	'IIIb'
2026-04-21T14:51:23.660960	Kevin	Patient_201_ap_final_L.bmp	None	'IIIb'
2026-04-21T14:51:27.454006	Kevin	Patient_203_ap_initial_R.bmp	None	'Ib'
2026-04-21T14:51:30.189619	Kevin	Patient_203_AP_3_month_R.bmp	None	'Ib'
2026-04-21T14:51:33.150008	Kevin	Patient_203_AP_6_month_R.bmp	None	'IIIb'
2026-04-21T14:51:37.021788	Kevin	Patient_203_AP_6_month_R.bmp	'IIIb'	'IIa'
2026-04-21T14:51:43.422214	Kevin	Patient_203_AP_18_month_R.bmp	None	'IIb'
2026-04-21T14:51:48.254086	Kevin	Patient_209_ap_initial_L.bmp	None	'Ib'
2026-04-21T14:51:55.678610	Kevin	Patient_212_AP_18_month_L.bmp	None	'IIIb'
2026-04-21T14:51:59.437568	Kevin	Patient_212_AP_24_month_L.bmp	None	'IIIb'
2026-04-21T14:52:06.862238	Kevin	Patient_215_AP_6_month_L.bmp	None	'IIb'
2026-04-21T14:52:23.342524	Kevin	Patient_215_ap_initial_L.bmp	None	'IIa'
2026-04-21T14:52:30.846481	Kevin	Patient_215_AP_12_month_L.bmp	None	'IIb'
2026-04-21T14:52:34.750807	Kevin	Patient_215_AP_18_month_L.bmp	None	'IIb'
2026-04-21T14:52:45.453871	Kevin	Patient_215_AP_30_month_L.bmp	None	'IIIa'
2026-04-21T14:52:52.111001	Kevin	Patient_218_AP_6_month_R.bmp	None	'IIb'
2026-04-21T14:53:00.733745	Kevin	Patient_218_AP_30_month_R.bmp	None	'IIIb'
2026-04-21T14:53:22.047362	Kevin	Patient_221_AP_3_month_R.bmp	None	'IIb'
2026-04-21T14:53:39.085725	Kevin	Patient_222_ap_initial_R.bmp	None	'Ib'
2026-04-21T14:53:45.663636	Kevin	Patient_224_AP_48_month_R.bmp	None	'IIIb'
2026-04-21T14:53:52.462841	Kevin	Patient_228_AP_12_month_R.bmp	None	'IIIb'
2026-04-21T14:54:14.639626	Kevin	Patient_228_AP_42_month_R.bmp	None	'IV'
2026-04-21T14:54:21.230709	Kevin	Patient_230_AP_12_month_L.bmp	None	'IIb'
2026-04-21T14:54:43.711534	Kevin	Patient_236_AP_12_month_L.bmp	None	'IIIa'
2026-04-21T14:54:46.512115	Kevin	Patient_236_AP_18_month_L.bmp	None	'IIIb'
2026-04-21T14:54:48.798799	Kevin	Patient_236_AP_24_month_L.bmp	None	'IIIb'
2026-04-21T14:54:59.008587	Kevin	Patient_238_AP_6_month_R.bmp	None	'IIa'
2026-04-21T14:55:02.863397	Kevin	Patient_238_AP_6_month_R.bmp	'IIa'	'IIb'
2026-04-21T14:55:22.672867	Kevin	Patient_238_AP_18_month_R.bmp	None	'IIIa'
2026-04-21T14:55:29.423852	Kevin	Patient_241_ap_initial_L.bmp	None	'Ib'
2026-04-21T14:55:53.214931	Kevin	Patient_241_AP_6_month_L.bmp	None	'IIIb'
2026-04-21T14:56:01.488739	Kevin	Patient_242_ap_initial_L.bmp	None	'Ib'
2026-04-21T14:56:05.568168	Kevin	Patient_242_AP_3_month_L.bmp	None	'Ib'
2026-04-21T14:56:10.112123	Kevin	Patient_242_AP_6_month_L.bmp	None	'Ib'
2026-04-21T14:56:21.456396	Kevin	Patient_242_AP_48_month_L.bmp	None	'IIIb'
2026-04-21T14:56:33.856821	Kevin	Patient_243_ap_initial_L.bmp	None	'Ib'
2026-04-21T14:56:41.344430	Kevin	Patient_243_AP_3_month_L.bmp	None	'Ib'
2026-04-21T14:56:44.769351	Kevin	Patient_243_AP_6_month_L.bmp	None	'Ib'
2026-04-21T14:57:09.855989	Kevin	Patient_243_AP_12_month_L.bmp	None	'Ib'
2026-04-21T14:57:13.360687	Kevin	Patient_243_AP_24_month_L.bmp	None	'IV'
2026-04-21T14:57:15.488791	Kevin	Patient_243_AP_36_month_L.bmp	None	'IV'
2026-04-21T14:57:17.172324	Kevin	Patient_243_AP_48_month_L.bmp	None	'IV'
2026-04-21T14:57:18.990372	Kevin	Patient_243_AP_54_month_L.bmp	None	'IV'
2026-04-21T14:57:20.653993	Kevin	Patient_243_ap_final_L.bmp	None	'IV'
2026-04-21T14:57:47.521017	Kevin	Patient_249_AP_3_month_L.bmp	None	'IIb'
2026-04-21T14:58:11.777359	Kevin	Patient_251_AP_3_month_L.bmp	None	'IIIa'
2026-04-21T14:58:22.144718	Kevin	Patient_251_AP_6_month_L.bmp	None	'IIIa'
2026-04-21T14:58:56.560588	Kevin	Patient_253_AP_6_month_L.bmp	None	'IIa'
2026-04-21T14:59:02.257540	Kevin	Patient_255_ap_initial_L.bmp	None	'IIa'
2026-04-21T14:59:12.577427	Kevin	Patient_255_ap_final_L.bmp	None	'IIIb'
2026-04-21T14:59:27.041355	Kevin	Patient_258_ap_initial_R.bmp	None	'Ib'
2026-04-21T14:59:31.297571	Kevin	Patient_262_AP_24_month_L.bmp	None	'IV'
2026-04-21T14:59:34.097794	Kevin	Patient_262_AP_36_month_L.bmp	None	'IV'
2026-04-21T14:59:39.088467	Kevin	Patient_262_AP_54_month_L.bmp	None	'IV'
2026-04-21T14:59:53.137490	Kevin	Patient_263_AP_12_month_R.bmp	None	'IIIa'
2026-04-21T15:00:04.369295	Kevin	Patient_264_AP_3_month_L.bmp	None	'IIa'
2026-04-21T15:00:39.921458	Kevin	Patient_264_AP_6_month_L.bmp	None	'IIb'
2026-04-21T15:01:02.385706	Kevin	Patient_264_AP_12_month_L.bmp	None	'IIIb'
2026-04-21T15:01:09.570701	Kevin	Patient_269_ap_initial_L.bmp	None	'IIb'
2026-04-21T15:01:13.793705	Kevin	Patient_270_ap_initial_L.bmp	None	'Ib'
2026-04-21T15:01:18.466349	Kevin	Patient_270_ap_final_L.bmp	None	'IIIb'
2026-04-21T15:01:23.394264	Kevin	Patient_271_ap_final_R.bmp	None	'IV'
2026-04-21T15:01:26.881957	Kevin	Patient_272_ap_final_L.bmp	None	'IV'
2026-04-21T15:01:31.569996	Kevin	Patient_273_AP_3_month_R.bmp	None	'Ib'
2026-04-21T15:01:36.497953	Kevin	Patient_273_AP_12_month_R.bmp	None	'IIIb'
2026-04-21T15:01:44.610378	Kevin	Patient_273_AP_24_month_R.bmp	None	'IIIb'
2026-04-21T15:01:47.986491	Kevin	Patient_273_AP_42_month_R.bmp	None	'IIIb'
2026-04-21T15:01:51.890415	Kevin	Patient_273_AP_48_month_R.bmp	None	'IV'
2026-04-21T15:02:01.906845	Kevin	Patient_273_ap_final_R.bmp	None	'IV'
2026-04-21T15:02:11.410201	Kevin	Patient_277_ap_initial_L.bmp	None	'IIIa'
2026-04-21T15:02:15.042648	Kevin	Patient_277_AP_3_month_L.bmp	None	'IIIa'
2026-04-21T15:02:21.107045	Kevin	Patient_279_AP_12_month_R.bmp	None	'IIIa'
2026-04-21T15:02:24.802009	Kevin	Patient_279_AP_18_month_R.bmp	None	'IIIa'
2026-04-21T15:02:30.626866	Kevin	Patient_281_ap_initial_L.bmp	None	'IIa'
2026-04-21T15:02:38.339577	Kevin	Patient_281_AP_12_month_L.bmp	None	'IIIb'
2026-04-21T15:02:58.881994	Kevin	Patient_281_AP_12_month_L.bmp	'IIIb'	'IIIb'
2026-04-21T15:03:04.034986	Kevin	Patient_282_AP_6_month_R.bmp	None	'IIb'
2026-04-21T15:03:10.146341	Kevin	Patient_282_AP_12_month_R.bmp	None	'IIIa'
2026-04-21T15:03:13.363162	Kevin	Patient_282_AP_18_month_R.bmp	None	'IIIa'
2026-04-21T15:03:20.322152	Kevin	Patient_283_AP_18_month_R.bmp	None	'IIIb'
2026-04-21T15:03:23.873493	Kevin	Patient_283_AP_30_month_R.bmp	None	'IV'
2026-04-21T15:03:29.140179	Kevin	Patient_285_AP_3_month_L.bmp	None	'Ib'
2026-04-21T15:04:21.891366	Kevin	Patient_285_AP_6_month_L.bmp	None	'Ib'
2026-04-21T15:04:50.499207	Kevin	Patient_285_AP_12_month_L.bmp	None	'IIIa'
2026-04-21T15:04:52.707429	Kevin	Patient_285_AP_18_month_L.bmp	None	'IIIb'
2026-04-21T15:04:59.331833	Kevin	Patient_288_AP_48_month_L.bmp	None	'IV'
2026-04-21T15:05:03.539151	Kevin	Patient_288_AP_FinalSM_L.bmp	None	'IV'
2026-04-21T15:05:10.098499	Kevin	Patient_289_AP_3_month_R.bmp	None	'IIb'
2026-04-21T15:05:14.595049	Kevin	Patient_291_ap_initial_L.bmp	None	'Ib'
2026-04-21T15:05:20.338959	Kevin	Patient_292_AP_24_month_R.bmp	None	'IIIb'
2026-04-21T15:05:26.739482	Kevin	Patient_292_AP_30_month_R.bmp	None	'IV'
2026-04-21T15:05:34.610923	Kevin	Patient_293_AP_42_month_L.bmp	None	'IIIb'
2026-04-21T15:05:38.930989	Kevin	Patient_293_AP_5_years_L.bmp	None	'IV'
2026-04-21T15:05:44.019757	Kevin	Patient_294_AP_6_month_R.bmp	None	'IIIa'
2026-04-21T15:05:47.491199	Kevin	Patient_294_AP_12_month_R.bmp	None	'IIIb'
2026-04-21T15:05:51.763651	Kevin	Patient_299_AP_42_month_R.bmp	None	'IIIb'
2026-04-21T15:06:03.794711	Kevin	Patient_302_ap_initial_R.bmp	None	'IIb'
2026-04-21T15:06:16.083467	Kevin	Patient_306_AP_54_month_L.bmp	None	'IIIb'
2026-04-21T15:06:23.011609	Kevin	Patient_307_ap_initial_R.bmp	None	'Ib'
2026-04-21T15:06:30.099307	Kevin	Patient_307_AP_36_month_R.bmp	None	'IIIb'
2026-04-21T15:06:39.011648	Kevin	Patient_307_AP_42_month_R.bmp	None	'IIIb'
2026-04-21T15:06:50.644216	Kevin	Patient_307_AP_48_month_R.bmp	None	'IV'
2026-04-21T15:06:57.283955	Kevin	Patient_308_ap_initial_L.bmp	None	'IIa'
2026-04-21T15:07:04.051066	Kevin	Patient_308_AP_3_month_L.bmp	None	'IIa'
2026-04-21T15:07:10.178803	Kevin	Patient_308_AP_6_month_L.bmp	None	'IIIa'
2026-04-21T15:07:14.547710	Kevin	Patient_311_AP_3_month_L.bmp	None	'IIa'
2026-04-21T15:07:18.291903	Kevin	Patient_311_AP_6_month_L.bmp	None	'IIa'
2026-04-21T15:07:21.668064	Kevin	Patient_311_AP_12_month_L.bmp	None	'IIIa'
2026-04-21T15:07:26.146898	Kevin	Patient_311_AP_18_month_L.bmp	None	'IIIb'
2026-04-21T15:07:28.995926	Kevin	Patient_311_AP_24_month_L.bmp	None	'IIIb'
2026-04-21T15:07:32.675342	Kevin	Patient_311_AP_30_month_L.bmp	None	'IIIb'
2026-04-21T15:07:45.637352	Kevin	Patient_311_AP_36_month_L.bmp	None	'IV'
2026-04-21T15:07:59.108158	Kevin	Patient_312_AP_3_month_R.bmp	None	'Ib'
2026-04-21T15:08:28.644883	Kevin	Patient_312_AP_6_month_R.bmp	None	'IIIa'
2026-04-21T15:08:38.308542	Kevin	Patient_316_AP_12_month_R.bmp	None	'IIIb'
2026-04-21T15:08:43.380736	Kevin	Patient_317_AP_36_month_R.bmp	None	'IV'
2026-04-21T15:08:55.074790	Kevin	Patient_317_AP_18_month_R.bmp	None	'IV'
2026-04-21T15:08:56.582505	Kevin	Patient_317_AP_24_month_R.bmp	None	'IV'
2026-04-21T15:09:03.892556	Kevin	Patient_320_AP_5_years_R.bmp	None	'IV'
2026-04-21T15:09:10.003310	Kevin	Patient_321_AP_18_month_R.bmp	None	'IIIb'
2026-04-21T15:09:14.740438	Kevin	Patient_322_ap_initial_L.bmp	None	'IIIa'
2026-04-21T15:09:17.156094	Kevin	Patient_322_AP_6_month_L.bmp	None	'IIIb'
2026-04-21T15:09:21.059608	Kevin	Patient_323_ap_final_R.bmp	None	'IIIb'
2026-04-21T15:09:24.370799	Kevin	Patient_325_ap_initial_L.bmp	None	'IIb'
2026-04-21T15:09:33.652915	Kevin	Patient_325_AP_3_month_L.bmp	None	'IIIa'
2026-04-21T15:10:08.100807	Kevin	Patient_325_AP_6_month_L.bmp	None	'IIIa'
2026-04-21T15:10:16.148797	Kevin	Patient_325_AP_18_month_L.bmp	None	'IIIb'
2026-04-21T15:10:23.140239	Kevin	Patient_327_ap_initial_R.bmp	None	'Ib'
2026-04-21T15:10:25.955810	Kevin	Patient_328_ap_initial_R.bmp	None	'Ib'
2026-04-21T15:10:30.532609	Kevin	Patient_329_AP_3_month_L.bmp	None	'Ib'
2026-04-21T15:10:55.235459	Kevin	Patient_329_AP_6_month_L.bmp	None	'IIa'
2026-04-21T15:11:02.996168	Kevin	Patient_329_AP_12_month_L.bmp	None	'IIa'
2026-04-21T15:11:06.884346	Kevin	Patient_329_AP_12_month_L.bmp	'IIa'	'IIIa'
2026-04-21T15:11:12.292177	Kevin	Patient_333_AP_6_month_L.bmp	None	'IIIa'
2026-04-21T15:11:18.597005	Kevin	Patient_334_AP_6_month_L.bmp	None	'IIb'
2026-04-21T15:11:26.692355	Kevin	Patient_334_AP_6_month_L.bmp	'IIb'	'IIa'
2026-04-21T15:11:32.356861	Kevin	Patient_336_AP_6_month_R.bmp	None	'IIIa'
2026-04-21T15:11:37.684806	Kevin	Patient_336_AP_24_month_R.bmp	None	'IIIb'
2026-04-21T15:12:43.285241	Kevin	Patient_346_ap_initial_L.bmp	None	'Ib'
2026-04-21T15:12:58.276975	Kevin	Patient_353_AP_FinalSM_L.bmp	None	'IIIb'
2026-04-21T15:13:08.789106	Kevin	Patient_357_ap_final_L.bmp	None	'IIIb'
2026-04-21T15:13:12.324002	Kevin	Patient_364_ap_initial_R.bmp	None	'Ib'
2026-04-21T15:13:21.892551	Kevin	Patient_364_AP_36_month_R.bmp	None	'IIIb'
2026-04-21T15:13:30.932814	Kevin	Patient_367_ap_initial_L.bmp	None	'Ib'
2026-04-21T15:13:36.165545	Kevin	Patient_370_AP_6_month_R.bmp	None	'Ib'
2026-04-21T15:13:44.981437	Kevin	Patient_370_AP_12_month_R.bmp	None	'Ib'
2026-04-21T15:13:48.404701	Kevin	Patient_370_AP_18_month_R.bmp	None	'Ib'
2026-04-21T15:13:53.172537	Kevin	Patient_375_ap_initial_L.bmp	None	'Ib'
2026-04-21T15:13:57.844003	Kevin	Patient_379_ap_initial_L.bmp	None	'Ib'
2026-04-21T15:14:04.677030	Kevin	Patient_380_ap_initial_L.bmp	None	'IIb'
2026-04-21T15:14:13.780937	Kevin	Patient_381_ap_initial_L.bmp	None	'Ib'
2026-04-21T15:14:16.932283	Kevin	Patient_381_AP_3_month_L.bmp	None	'Ib'
2026-04-21T15:14:43.860994	Kevin	Patient_381_AP_6_month_L.bmp	None	'IIIa'
2026-04-21T15:14:56.068598	Kevin	Patient_387_AP_3_month_L.bmp	None	'IIa'
2026-04-21T15:15:08.645226	Kevin	Patient_387_AP_54_month_L.bmp	None	'IIIb'
2026-04-21T15:15:14.214167	Kevin	Patient_394_ap_initial_R.bmp	None	'Ib'
2026-04-21T15:15:23.061556	Kevin	Patient_394_ap_final_R.bmp	None	'IIIb'
2026-04-21T15:15:32.869594	Kevin	Patient_395_ap_initial_L.bmp	None	'Ib'
2026-04-21T15:15:39.925094	Kevin	Patient_396_ap_initial_R.bmp	None	'Ib'
2026-04-21T15:15:44.678263	Kevin	Patient_396_AP_6_month_R.bmp	None	'IIa'
2026-04-21T15:15:51.526579	Kevin	Patient_396_AP_24_month_R.bmp	None	'IIIa'
2026-04-21T15:15:56.772772	Kevin	Patient_400_ap_initial_L.bmp	None	'Ib'
2026-04-21T15:16:10.117416	Kevin	Patient_400_AP_3_month_L.bmp	None	'IIa'
2026-04-21T15:16:15.270411	Kevin	Patient_400_AP_6_month_L.bmp	None	'IIb'
2026-04-21T15:16:20.613037	Kevin	Patient_401_ap_initial_L.bmp	None	'Ib'
2026-04-21T15:16:45.334061	Kevin	Patient_405_AP_12_month_L.bmp	None	'IIIa'
2026-04-21T15:18:28.918108	Kevin	Patient_405_ap_initial_L.bmp	None	'IIa'
2026-04-21T15:18:37.156506	Kevin	Patient_405_AP_30_month_L.bmp	None	'IIIb'
2026-04-21T15:18:42.660665	Kevin	Patient_409_ap_initial_L.bmp	None	'IIIa'
2026-04-21T15:18:48.790655	Kevin	Patient_410_AP_6_month_L.bmp	None	'IIIa'
2026-04-21T15:18:53.206297	Kevin	Patient_413_AP_18_month_R.bmp	None	'IIIb'
2026-04-21T15:18:59.621876	Kevin	Patient_415_AP_3_month_R.bmp	None	'Ib'
2026-04-21T15:19:13.270346	Kevin	Patient_415_AP_12_month_R.bmp	None	'IIIa'
2026-04-21T15:19:17.637814	Kevin	Patient_415_AP_18_month_R.bmp	None	'IIIa'
2026-04-21T15:19:22.230826	Kevin	Patient_415_AP_24_month_R.bmp	None	'IIIb'
2026-04-21T15:19:29.718076	Kevin	Patient_415_AP_36_month_R.bmp	None	'IIIb'
2026-04-21T15:19:34.821698	Kevin	Patient_417_AP_18_month_L.bmp	None	'IIIa'
2026-04-21T15:19:41.140521	Kevin	Patient_417_AP_36_month_L.bmp	None	'IIIb'
2026-04-21T15:19:47.061865	Kevin	Patient_419_ap_initial_R.bmp	None	'Ib'
2026-04-21T15:19:52.805114	Kevin	Patient_419_AP_3_month_R.bmp	None	'IIa'
2026-04-21T15:19:56.726280	Kevin	Patient_424_AP_6_month_R.bmp	None	'IIb'
2026-04-21T15:20:13.029130	Kevin	Patient_427_ap_initial_L.bmp	None	'Ib'
2026-04-21T15:20:17.509429	Kevin	Patient_427_AP_3_month_L.bmp	None	'IIb'
2026-04-21T15:20:21.621782	Kevin	Patient_427_AP_6_month_L.bmp	None	'IIb'
2026-04-21T15:20:26.869241	Kevin	Patient_427_AP_18_month_L.bmp	None	'IIIa'
2026-04-21T15:20:31.430100	Kevin	Patient_427_AP_36_month_L.bmp	None	'IIIb'
2026-04-21T15:20:35.670102	Kevin	Patient_427_AP_5_years_L.bmp	None	'IV'
2026-04-21T15:21:12.966432	Kevin	Patient_430_AP_30_month_L.bmp	None	'IIIb'
2026-04-21T15:21:25.285166	Kevin	Patient_430_AP_42_month_L.bmp	None	'IIIb'
2026-04-21T15:21:38.517991	Kevin	Patient_436_AP_30_month_R.bmp	None	'IIIa'
2026-04-21T15:21:48.566792	Kevin	Patient_436_AP_5_years_R.bmp	None	'IIIb'
2026-04-21T15:21:54.085995	Kevin	Patient_437_AP_3_month_L.bmp	None	'IIb'
2026-04-21T15:22:40.518096	Kevin	Patient_437_AP_6_month_L.bmp	None	'IIIa'
2026-04-21T15:22:49.061947	Kevin	Patient_439_AP_3_month_R.bmp	None	'IIa'
2026-04-21T15:22:55.030186	Kevin	Patient_440_ap_initial_L.bmp	None	'IIb'
2026-04-21T15:23:19.494020	Kevin	Patient_440_AP_6_month_L.bmp	None	'IIIa'
2026-04-21T15:23:24.741921	Kevin	Patient_440_AP_12_month_L.bmp	None	'IIIb'
2026-04-21T15:23:30.613850	Kevin	Patient_444_AP_18_month_L.bmp	None	'IIIa'
2026-04-21T15:23:36.822771	Kevin	Patient_444_AP_24_month_L.bmp	None	'IIIa'
2026-04-21T15:23:40.613915	Kevin	Patient_444_AP_54_month_L.bmp	None	'IIIb'
2026-04-21T15:23:50.501672	Kevin	Patient_446_ap_initial_R.bmp	None	'IIa'
2026-04-21T15:23:56.453228	Kevin	Patient_446_AP_24_month_R.bmp	None	'IIIb'
2026-04-21T15:26:53.814343	Kevin	Patient_456_AP_3_month_L.bmp	None	'IIb'
2026-04-21T15:26:58.021516	Kevin	Patient_456_AP_6_month_L.bmp	None	'IIIa'
2026-04-21T15:27:08.901961	Kevin	Patient_456_AP_48_month_L.bmp	None	'IIIb'
2026-04-21T15:27:13.844812	Kevin	Patient_456_AP_54_month_L.bmp	None	'IIIb'
2026-04-21T15:31:39.605895	Kevin	Patient_460_AP_30_month_L.bmp	None	'IIIb'
2026-04-21T15:32:57.461274	Kevin	Patient_464_ap_initial_R.bmp	None	'Ib'
2026-04-21T15:33:04.070534	Kevin	Patient_465_AP_3_month_R.bmp	None	'Ia'
2026-04-21T15:33:09.558118	Kevin	Patient_465_AP_3_month_R.bmp	'Ia'	'Ib'
2026-04-21T15:33:20.470251	Kevin	Patient_465_AP_48_month_R.bmp	None	'IIIb'
2026-04-21T15:33:27.749412	Kevin	Patient_473_ap_initial_L.bmp	None	'IIb'
2026-04-21T15:33:35.957764	Kevin	Patient_474_ap_initial_L.bmp	None	'IIb'
2026-04-21T15:34:55.798151	Kevin	Patient_474_AP_36_month_L.bmp	None	'IIIa'
2026-04-21T15:36:30.646398	Kevin	Patient_476_ap_initial_L.bmp	None	'Ib'
2026-04-21T15:36:43.253391	Kevin	Patient_476_AP_3_month_L.bmp	None	'Ib'
2026-04-21T15:37:01.414946	Kevin	Patient_476_AP_12_month_L.bmp	None	'IIIa'
2026-04-21T15:37:07.126575	Kevin	Patient_476_AP_18_month_L.bmp	None	'IIIb'
2026-04-21T15:37:12.373473	Kevin	Patient_476_AP_24_month_L.bmp	None	'IIIb'
2026-04-21T15:38:15.317505	Kevin	Patient_479_AP_5_years_R.bmp	None	'IIIb'
2026-04-21T15:38:30.070373	Kevin	Patient_488_AP_12_month_R.bmp	None	'IIIa'
2026-04-21T15:38:39.014344	Kevin	Patient_497_ap_initial_L.bmp	None	'IIIa'
2026-04-21T15:39:05.078089	Kevin	Patient_497_AP_12_month_L.bmp	None	'IIIa'
2026-04-21T15:39:11.334696	Kevin	Patient_499_AP_3_month_L.bmp	None	'IIIa'
2026-04-21T15:39:16.406924	Kevin	Patient_499_AP_30_month_L.bmp	None	'IIIb'
2026-04-21T15:39:27.653210	Kevin	Patient_500_ap_initial_R.bmp	None	'Ib'
2026-04-21T15:39:32.646267	Kevin	Patient_501_ap_initial_R.bmp	None	'Ib'
2026-04-21T15:39:50.070057	Kevin	Patient_502_ap_initial_R.bmp	None	'IIb'
2026-04-21T15:40:03.797600	Kevin	Patient_502_AP_6_month_R.bmp	None	'IIIa'
2026-04-21T15:40:11.909968	Kevin	Patient_504_ap_initial_R.bmp	None	'Ib'
2026-04-21T15:40:19.606808	Kevin	Patient_507_AP_36_month_R.bmp	None	'IV'
2026-04-21T15:40:35.014489	Kevin	Patient_521_AP_6_month_L.bmp	None	'IIa'
2026-04-21T15:53:00.133291	Kevin	Patient_521_AP_12_month_L.bmp	None	'IIIb'
2026-04-21T15:53:10.260852	Kevin	Patient_530_AP_6_month_R.bmp	None	'Ib'
2026-04-21T15:53:25.988864	Kevin	Patient_533_AP_24_month_R.bmp	None	'IV'
2026-04-21T15:53:29.636028	Kevin	Patient_533_AP_48_month_R.bmp	None	'IV'
2026-04-21T15:53:31.092005	Kevin	Patient_533_AP_5_years_R.bmp	None	'IV'
2026-04-21T15:53:32.898280	Kevin	Patient_533_ap_final_R.bmp	None	'IV'
2026-04-21T15:53:34.059186	Kevin	Patient_535_ap_initial_R.bmp	None	'IV'
2026-04-21T15:53:47.668386	Kevin	Patient_538_ap_final_R.bmp	None	'IIIb'
2026-04-21T15:53:51.829197	Kevin	Patient_539_ap_final_L.bmp	None	'IIIb'
2026-04-21T15:53:55.765389	Kevin	Patient_541_AP_12_month_R.bmp	None	'IIIa'
2026-04-21T15:53:59.301240	Kevin	Patient_541_AP_24_month_R.bmp	None	'IIIb'
2026-04-21T15:54:07.861136	Kevin	Patient_542_AP_3_month_R.bmp	None	'IIa'
2026-04-21T15:54:13.812845	Kevin	Patient_549_AP_12_month_L.bmp	None	'IIIa'
2026-04-21T15:54:22.356973	Kevin	Patient_550_AP_18_month_L.bmp	None	'IIIb'
2026-04-21T15:54:26.581013	Kevin	Patient_551_ap_initial_L.bmp	None	'Ib'
2026-04-21T15:54:32.116829	Kevin	Patient_551_AP_3_month_L.bmp	None	'Ib'
2026-04-21T15:54:39.348849	Kevin	Patient_551_AP_6_month_L.bmp	None	'IIa'
2026-04-21T15:54:46.292483	Kevin	Patient_551_AP_12_month_L.bmp	None	'IIb'
2026-04-21T15:54:53.652410	Kevin	Patient_551_AP_5_years_L.bmp	None	'IIIb'
2026-04-21T15:55:00.756546	Kevin	Patient_552_ap_initial_L.bmp	None	'Ib'
2026-04-21T15:55:06.261186	Kevin	Patient_553_ap_initial_R.bmp	None	'Ib'
2026-04-21T15:55:11.140466	Kevin	Patient_553_AP_3_month_R.bmp	None	'Ib'
2026-04-21T15:55:17.460764	Kevin	Patient_553_AP_12_month_R.bmp	None	'IIIb'
2026-04-21T15:55:24.149007	Kevin	Patient_554_AP_18_month_L.bmp	None	'IIIa'
2026-04-21T15:55:44.308423	Kevin	Patient_554_AP_24_month_L.bmp	None	'IIIa'
2026-04-21T15:55:54.516503	Kevin	Patient_554_AP_30_month_L.bmp	None	'IIIb'
2026-04-21T15:56:02.404673	Kevin	Patient_555_ap_initial_R.bmp	None	'IIb'
2026-04-21T15:56:09.251941	Kevin	Patient_555_AP_12_month_R.bmp	None	'IIIb'
2026-04-21T15:56:18.308417	Kevin	Patient_555_AP_18_month_R.bmp	None	'IIIb'
2026-04-21T15:56:26.787726	Kevin	Patient_556_ap_initial_L.bmp	None	'Ib'
2026-04-21T15:56:33.540268	Kevin	Patient_561_ap_initial_L.bmp	None	'IIIa'
2026-04-21T15:56:39.107804	Kevin	Patient_563_ap_initial_L.bmp	None	'Ib'
2026-04-21T15:56:47.268606	Kevin	Patient_563_AP_3_month_L.bmp	None	'Ib'
2026-04-21T15:57:08.756830	Kevin	Patient_563_AP_6_month_L.bmp	None	'IIIa'
2026-04-21T15:57:12.692844	Kevin	Patient_563_AP_12_month_L.bmp	None	'IIIb'
2026-04-21T15:57:19.124860	Kevin	Patient_563_AP_24_month_L.bmp	None	'IV'
2026-04-21T15:57:24.083241	Kevin	Patient_564_AP_3_month_R.bmp	None	'Ib'
2026-04-21T15:57:33.476971	Kevin	Patient_566_AP_5_years_R.bmp	None	'IV'
2026-04-21T15:57:36.980080	Kevin	Patient_570_ap_initial_L.bmp	None	'Ib'
2026-04-21T15:59:35.155526	Kevin	Patient_570_AP_6_month_L.bmp	None	'IV'
2026-04-21T15:59:36.774250	Kevin	Patient_570_AP_12_month_L.bmp	None	'IV'
2026-04-21T15:59:37.627224	Kevin	Patient_570_AP_30_month_L.bmp	None	'IV'
2026-04-21T15:59:38.566759	Kevin	Patient_570_AP_5_years_L.bmp	None	'IV'
2026-04-21T16:00:31.780442	Kevin	Patient_574_ap_initial_R.bmp	None	'IIIa'
2026-04-21T16:01:24.740555	Kevin	Patient_577_AP_3_month_R.bmp	None	'Ib'
2026-04-21T16:04:16.211009	Kevin	Patient_577_ap_initial_R.bmp	None	'Ib'
2026-04-21T16:04:33.524028	Kevin	Patient_577_AP_6_month_R.bmp	None	'Ib'
2026-04-21T16:04:48.259708	Kevin	Patient_585_AP_30_month_L.bmp	None	'IIIa'
2026-04-21T16:04:57.315181	Kevin	Patient_590_AP_18_month_R.bmp	None	'IIIb'
2026-04-21T16:05:02.643131	Kevin	Patient_592_AP_5_years_L.bmp	None	'IV'
2026-04-21T16:05:08.946632	Kevin	Patient_598_ap_initial_L.bmp	None	'IIb'
2026-04-21T16:05:14.081883	Kevin	Patient_598_ap_final_L.bmp	None	'IIIb'
2026-04-21T16:05:21.235773	Kevin	Patient_601_AP_30_month_R.bmp	None	'IIIb'
2026-04-21T16:05:26.771458	Kevin	Patient_601_AP_36_month_R.bmp	None	'IIIb'
2026-04-21T16:05:33.268049	Kevin	Patient_625_ap_initial_R.bmp	None	'Ib'
2026-04-21T16:05:48.546689	Kevin	Patient_627_AP_42_month_R.bmp	None	'IIIa'
2026-04-21T16:05:55.571246	Kevin	Patient_631_ap_initial_R.bmp	None	'IIIa'
2026-04-21T16:06:17.138439	Kevin	Patient_638_AP_5_years_L.bmp	None	'IIIb'
2026-04-21T16:06:22.098398	Kevin	Patient_669_ap_initial_L.bmp	None	'IIIa'
2026-04-21T16:06:35.058795	Kevin	Patient_676_ap_initial_L.bmp	None	'IIb'
2026-04-21T16:06:40.419356	Kevin	Patient_678_AP_3_month_R.bmp	None	'IIa'
2026-04-21T16:06:45.233817	Kevin	Patient_683_ap_initial_L.bmp	None	'Ib'
2026-04-21T16:06:53.042617	Kevin	Patient_688_AP_3_month_L.bmp	None	'IIa'
2026-04-21T16:06:59.649726	Kevin	Patient_688_AP_18_month_L.bmp	None	'IIIb'
2026-04-21T16:07:02.530718	Kevin	Patient_688_AP_24_month_L.bmp	None	'IIIb'
2026-04-21T16:07:07.378151	Kevin	Patient_689_ap_initial_L.bmp	None	'Ib'
2026-04-21T16:07:16.882044	Kevin	Patient_692_ap_final_L.bmp	None	'IIIb'
2026-04-21T16:07:25.874653	Kevin	Patient_694_AP_3_month_L.bmp	None	'IIIa'
2026-04-21T16:07:32.242477	Kevin	Patient_696_AP_30_month_R.bmp	None	'IIIb'
2026-04-21T16:07:44.721506	Kevin	Patient_707_ap_initial_L.bmp	None	'IIa'
2026-04-21T16:07:49.459191	Kevin	Patient_722_AP_12_month_R.bmp	None	'IIIb'
2026-04-21T16:07:58.818398	Kevin	Patient_727_ap_initial_L.bmp	None	'Ib'
2026-04-21T16:08:06.226832	Kevin	Patient_727_ap_final_L.bmp	None	'IIIb'
2026-04-21T16:08:13.458897	Kevin	Patient_735_AP_12_month_R.bmp	None	'IIIb'
2026-04-21T16:08:18.179045	Kevin	Patient_735_AP_48_month_R.bmp	None	'IIIb'
2026-04-21T16:08:22.466425	Kevin	Patient_735_ap_final_R.bmp	None	'IIIb'
2026-04-21T16:08:28.386454	Kevin	Patient_739_ap_final_R.bmp	None	'IIIb'
2026-04-21T16:08:34.674338	Kevin	Patient_754_AP_3_month_L.bmp	None	'Ib'
2026-04-21T16:08:40.931066	Kevin	Patient_754_AP_24_month_L.bmp	None	'IIIb'
2026-04-21T16:08:47.074130	Kevin	Patient_776_ap_initial_L.bmp	None	'Ib'
2026-04-21T16:09:32.866579	Kevin	Patient_776_ap_final_L.bmp	None	'IIa'
2026-04-21T16:09:37.794318	Kevin	Patient_776_ap_final_L.bmp	'IIa'	'IIIa'
2026-04-21T16:09:55.330482	Kevin	Patient_777_ap_initial_L.bmp	None	'IIIb'
2026-04-21T16:10:01.057356	Kevin	Patient_777_AP_3_month_L.bmp	None	'IIIa'
2026-04-21T16:10:09.218959	Kevin	Patient_783_ap_final_L.bmp	None	'IV'
2026-04-21T16:10:19.489927	Kevin	Patient_832_ap_final_L.bmp	None	'IIIb'
2026-04-21T16:10:28.899145	Kevin	Patient_848_AP_FinalSM_L.bmp	None	'IIb'
2026-04-21T16:10:33.633297	Kevin	Patient_850_ap_initial_R.bmp	None	'IIa'
2026-04-21T16:10:38.786290	Kevin	Patient_850_ap_final_R.bmp	None	'IIIb'
2026-04-21T16:10:45.266045	Kevin	Patient_852_ap_final_L.bmp	None	'IIIb'
2026-04-21T16:10:49.634371	Kevin	Patient_853_ap_initial_R.bmp	None	'Ib'
2026-04-21T16:10:53.729714	Kevin	Patient_853_ap_final_R.bmp	None	'IV'
2026-04-21T16:11:40.450190	Kevin	Patient_855_ap_initial_R.bmp	None	'IIb'
2026-04-21T16:11:49.283197	Kevin	Patient_855_ap_final_R.bmp	None	'IIIb'
2026-04-21T16:11:54.306256	Kevin	Patient_856_ap_initial_L.bmp	None	'Ib'
2026-04-21T16:11:59.265502	Kevin	Patient_856_ap_final_L.bmp	None	'IIIb'
2026-04-21T16:12:14.945228	Kevin	Patient_858_ap_initial_R.bmp	None	'Ib'
2026-04-21T16:12:21.378389	Kevin	Patient_858_ap_final_R.bmp	None	'IIIa'
2026-04-21T16:12:26.290590	Kevin	Patient_859_ap_initial_R.bmp	None	'Ib'
2026-04-21T16:12:38.353589	Kevin	Patient_866_AP_12_month_R.bmp	None	'IIIa'
2026-04-21T16:12:57.266090	Kevin	Patient_867_ap_final_L.bmp	None	'IIIb'
2026-04-21T16:13:01.377100	Kevin	Patient_869_ap_initial_L.bmp	None	'Ib'
2026-04-21T16:13:08.194693	Kevin	Patient_873_AP_30_month_R.bmp	None	'IIIb'
2026-04-21T16:13:12.449699	Kevin	Patient_873_ap_final_R.bmp	None	'IIIb'
2026-04-21T16:13:18.801800	Kevin	Patient_888_AP_24_month_R.bmp	None	'IIIb'
2026-04-21T16:13:26.305189	Kevin	Patient_890_ap_final_R.bmp	None	'IIIb'
2026-04-21T16:13:29.761971	Kevin	Patient_895_AP_36_month_R.bmp	None	'IIIb'
2026-04-21T16:13:44.753451	Kevin	Patient_931_ap_initial_R.bmp	None	'IIb'
2026-04-21T16:13:53.633888	Kevin	Patient_931_AP_30_month_R.bmp	None	'IIIb'
2026-04-21T16:14:00.656486	Kevin	Patient_931_AP_36_month_R.bmp	None	'IIIb'
2026-04-21T16:14:04.145261	Kevin	Patient_931_AP_42_month_R.bmp	None	'IIIb'
2026-04-21T16:14:09.106570	Kevin	Patient_935_AP_36_month_L.bmp	None	'IV'
2026-04-21T16:14:16.289047	Kevin	Patient_955_ap_final_L.bmp	None	'IIIb'
2026-04-21T16:14:20.082406	Kevin	Patient_989_ap_final_R.bmp	None	'IIIb'
2026-04-21T16:14:26.721941	Kevin	Patient_1007_AP_36_month_R.bmp	None	'IIIb'
2026-04-21T16:14:31.984829	Kevin	Patient_1026_ap_initial_R.bmp	None	'Ib'
2026-04-21T16:14:40.738126	Kevin	Patient_1042_AP_6_month_L.bmp	None	'IIa'
2026-04-21T16:14:47.217426	Kevin	Patient_1042_ap_final_L.bmp	None	'IIIb'
2026-04-21T16:14:51.889469	Kevin	Patient_1043_ap_final_L.bmp	None	'IIIb'
2026-04-21T16:15:04.433992	Kevin	Patient_1047_ap_initial_R.bmp	None	'Ib'
2026-04-21T16:15:08.976619	Kevin	Patient_1050_ap_initial_L.bmp	None	'Ib'
2026-04-21T16:15:12.081894	Kevin	Patient_1056_ap_initial_L.bmp	None	'Ib'
2026-04-21T16:15:41.184567	Kevin	Patient_1056_ap_final_L.bmp	None	'IIIb'
2026-04-21T16:15:50.609795	Kevin	Patient_1065_AP_6_month_R.bmp	None	'IIb'
2026-04-21T16:15:56.257731	Kevin	Patient_1203_ap_initial_L.bmp	None	'Ib'
2026-04-21T16:17:23.984768	Kevin	Patient_1203_AP_3_month_L.bmp	None	'IIb'
2026-04-21T16:17:26.848523	Kevin	Patient_1203_AP_3_month_L.bmp	'IIb'	'IIa'
2026-04-21T16:17:35.346045	Kevin	Patient_1203_AP_12_month_L.bmp	None	'IIb'
2026-04-21T16:17:41.281388	Kevin	Patient_1203_AP_18_month_L.bmp	None	'IIIa'
2026-04-21T16:17:51.344118	Kevin	Patient_1203_AP_FinalSM_L.bmp	None	'IIIa'
2026-04-21T16:17:57.153561	Kevin	Patient_1243_ap_initial_L.bmp	None	'IIa'
2026-04-21T16:18:07.649062	Kevin	Patient_1243_AP_3_month_L.bmp	None	'IIIa'
2026-04-21T16:18:13.744954	Kevin	Patient_1243_AP_FinalSM_L.bmp	None	'IV'
2026-04-21T16:18:27.057255	Kevin	Patient_1244_AP_6_month_L.bmp	None	'IIb'
2026-04-21T16:21:55.504189	Kevin	Patient_15_AP_18_month_R.bmp	None	'IIIa'
2026-04-21T16:22:35.600870	Kevin	Patient_19_AP_6_month_L.bmp	None	'IIb'
2026-04-21T16:22:48.256241	Kevin	Patient_20_AP_3_month_R.bmp	None	'Ib'
2026-04-21T16:23:04.688819	Kevin	Patient_20_AP_24_month_R.bmp	None	'IIIb'
2026-04-21T16:23:09.583756	Kevin	Patient_20_AP_36_month_R.bmp	'IIIb'	'IIIb'
2026-04-21T16:24:19.135932	Kevin	Patient_24_AP_3_month_R.bmp	None	'IIb'
2026-04-21T16:24:43.967565	Kevin	Patient_32_AP_6_month_R.bmp	None	'IIIa'
2026-04-21T16:25:08.528076	Kevin	Patient_36_AP_3_month_R.bmp	None	'IIb'
2026-04-21T16:27:04.415800	Kevin	Patient_45_AP_3_month_L.bmp	None	'IIb'
2026-04-21T16:27:26.398326	Kevin	Patient_50_AP_12_month_R.bmp	None	'IIb'
2026-04-21T16:28:05.055686	Kevin	Patient_62_AP_18_month_L.bmp	None	'IIIa'
2026-04-21T16:28:43.230553	Kevin	Patient_64_AP_3_month_L.bmp	None	'IIb'
2026-04-21T16:29:43.311379	Kevin	Patient_64_AP_6_month_L.bmp	None	'IIIa'
2026-04-21T16:29:55.662880	Kevin	Patient_66_AP_6_month_R.bmp	None	'IIb'
2026-04-21T16:30:03.517732	Kevin	Patient_68_AP_12_month_L.bmp	None	'IIIa'
2026-04-21T16:30:16.062264	Kevin	Patient_70_AP_12_month_R.bmp	None	'IIIa'
2026-04-21T16:32:39.662705	Kevin	Patient_70_AP_18_month_R.bmp	None	'IIa'
2026-04-21T16:33:25.406743	Kevin	Patient_71_AP_12_month_L.bmp	None	'IIIa'
2026-04-21T16:34:01.854608	Kevin	Patient_78_AP_6_month_R.bmp	None	'IIIa'
2026-04-21T16:34:21.870469	Kevin	Patient_90_ap_final_L.bmp	None	'IV'
2026-04-21T16:35:16.317698	Kevin	Patient_104_AP_18_month_L.bmp	None	'IIIb'
2026-04-21T16:36:17.662561	Kevin	Patient_110_AP_3_month_R.bmp	None	'IIIb'
2026-04-21T16:36:29.869513	Kevin	Patient_112_ap_final_L.bmp	None	'IIIb'
2026-04-21T16:37:30.765020	Kevin	Patient_114_AP_12_month_L.bmp	None	'IIIa'
2026-04-21T16:38:00.573567	Kevin	Patient_120_AP_6_month_R.bmp	None	'IIb'
2026-04-21T16:38:37.726244	Kevin	Patient_126_AP_12_month_L.bmp	None	'IIa'
2026-04-21T16:39:07.501771	Kevin	Patient_133_AP_6_month_R.bmp	None	'IIa'
2026-04-21T16:39:22.396708	Kevin	Patient_134_AP_12_month_L.bmp	None	'IIb'
2026-04-21T16:39:34.557458	Kevin	Patient_134_AP_18_month_L.bmp	None	'IIb'
2026-04-21T16:41:48.812619	Kevin	Patient_150_AP_3_month_L.bmp	None	'IIIb'
2026-04-21T16:41:57.595465	Kevin	Patient_150_AP_12_month_L.bmp	None	'IIIb'
2026-04-21T16:42:20.683926	Kevin	Patient_150_AP_36_month_L.bmp	None	'IIIb'
2026-04-21T16:42:39.548470	Kevin	Patient_151_AP_42_month_R.bmp	None	'IIIb'
2026-04-21T16:43:31.788624	Kevin	Patient_155_ap_final_L.bmp	None	'IIIb'
2026-04-21T16:43:37.515791	Kevin	Patient_160_AP_3_month_R.bmp	None	'IIIa'
2026-04-21T16:44:00.796243	Kevin	Patient_160_AP_6_month_R.bmp	None	'IIIa'
2026-04-21T16:44:09.387521	Kevin	Patient_162_AP_6_month_L.bmp	None	'IIIa'
2026-04-21T16:44:27.451248	Kevin	Patient_165_AP_6_month_L.bmp	None	'IIIa'
2026-04-21T16:44:33.324344	Kevin	Patient_166_AP_6_month_L.bmp	None	'IIIa'
2026-04-21T16:45:03.692363	Kevin	Patient_196_AP_6_month_R.bmp	None	'IIIa'
2026-04-21T16:45:15.915227	Kevin	Patient_196_AP_6_month_R.bmp	'IIIa'	'IIb'
2026-04-21T16:45:39.595559	Kevin	Patient_201_ap_initial_L.bmp	None	'Ib'
2026-04-21T16:47:26.555274	Kevin	Patient_218_AP_24_month_R.bmp	None	'IIIb'
2026-04-21T16:48:12.970858	Kevin	Patient_236_ap_initial_L.bmp	None	'IIb'
2026-04-21T16:49:21.612235	Kevin	Patient_238_ap_initial_R.bmp	None	'Ia'
2026-04-21T16:49:25.531792	Kevin	Patient_238_ap_initial_R.bmp	'Ia'	'Ib'
2026-04-21T16:49:38.443933	Kevin	Patient_239_AP_12_month_R.bmp	None	'IIIb'
2026-04-21T16:49:43.771277	Kevin	Patient_239_ap_final_R.bmp	None	'IIIb'
2026-04-21T16:49:48.137792	Kevin	Patient_241_ap_initial_L.bmp	'Ib'	'Ib'
2026-04-21T16:50:47.706996	Kevin	Patient_251_ap_initial_L.bmp	None	'IIb'
2026-04-21T16:52:08.090649	Kevin	Patient_278_ap_initial_L.bmp	None	'IIIa'
2026-04-21T16:52:13.738302	Kevin	Patient_278_AP_3_month_L.bmp	None	'IIIa'
2026-04-21T16:52:35.657957	Kevin	Patient_279_AP_6_month_R.bmp	None	'IIb'
2026-04-21T16:52:39.851776	Kevin	Patient_279_AP_12_month_R.bmp	'IIIa'	'IIIa'
2026-04-21T16:52:49.177547	Kevin	Patient_283_ap_initial_R.bmp	None	'IIIa'
2026-04-21T16:53:09.401866	Kevin	Patient_284_AP_3_month_R.bmp	None	'IIb'
2026-04-21T16:53:56.538504	Kevin	Patient_294_AP_3_month_R.bmp	None	'IIIa'
2026-04-21T16:54:10.554121	Kevin	Patient_312_AP_6_month_R.bmp	'IIIa'	'IIIa'
2026-04-21T16:54:38.569884	Kevin	Patient_316_ap_initial_R.bmp	None	'Ib'
2026-04-21T16:56:14.041277	Kevin	Patient_330_AP_12_month_L.bmp	None	'IIIb'
2026-04-21T16:56:44.009653	Kevin	Patient_336_AP_3_month_R.bmp	None	'IIIa'
2026-04-21T16:57:36.313856	Kevin	Patient_372_AP_6_month_L.bmp	None	'Ib'
2026-04-21T16:57:50.746126	Kevin	Patient_376_ap_initial_R.bmp	None	'IIb'
2026-04-21T16:58:04.920998	Kevin	Patient_377_AP_3_month_R.bmp	None	'IIa'
2026-04-21T16:58:37.865695	Kevin	Patient_389_ap_initial_L.bmp	None	'Ib'
2026-04-21T16:58:43.448324	Kevin	Patient_389_AP_3_month_L.bmp	None	'Ib'
2026-04-21T16:58:53.225426	Kevin	Patient_389_AP_12_month_L.bmp	None	'IIIa'
2026-04-21T16:59:32.953324	Kevin	Patient_417_AP_6_month_L.bmp	None	'IIa'
2026-04-21T16:59:49.912944	Kevin	Patient_417_AP_12_month_L.bmp	None	'IIIa'
2026-04-21T16:59:55.847746	Kevin	Patient_417_AP_6_month_L.bmp	'IIa'	'IIIa'
2026-04-21T17:00:36.264009	Kevin	Patient_478_AP_6_month_R.bmp	None	'IIa'
2026-04-21T17:00:55.608753	Kevin	Patient_479_AP_3_month_R.bmp	None	'IIIa'
2026-04-21T17:01:19.975521	Kevin	Patient_481_AP_24_month_R.bmp	None	'IIIb'
2026-04-21T17:03:08.666418	Kevin	Patient_483_AP_6_month_L.bmp	None	'IIIa'
2026-04-21T17:03:12.472944	Kevin	Patient_483_AP_12_month_L.bmp	None	'IIIb'
2026-04-21T17:03:42.217135	Kevin	Patient_504_AP_6_month_R.bmp	None	'IIIa'
2026-04-21T17:03:54.010953	Kevin	Patient_533_AP_12_month_R.bmp	None	'Ib'
2026-04-21T17:04:07.626826	Kevin	Patient_550_AP_3_month_L.bmp	None	'Ib'
2026-04-21T17:04:15.788040	Kevin	Patient_550_AP_6_month_L.bmp	None	'IIb'
2026-04-21T17:05:34.589161	Kevin	Patient_555_AP_6_month_R.bmp	None	'IIIa'
2026-04-21T17:05:57.291906	Kevin	Patient_556_AP_6_month_L.bmp	None	'IIa'
2026-04-21T17:06:06.589623	Kevin	Patient_572_AP_6_month_R.bmp	None	'Ib'
2026-04-21T17:07:29.038188	Kevin	Patient_596_AP_12_month_L.bmp	None	'IIIa'
2026-04-21T17:07:55.936310	Kevin	Patient_601_AP_18_month_R.bmp	None	'IIIa'
2026-04-21T17:07:59.407764	Kevin	Patient_601_AP_24_month_R.bmp	None	'IIIa'
2026-04-21T17:08:16.560099	Kevin	Patient_601_AP_12_month_R.bmp	None	'IIIa'
2026-04-21T17:08:34.144475	Kevin	Patient_601_AP_24_month_R.bmp	'IIIa'	'IIIb'
2026-04-21T17:08:58.512977	Kevin	Patient_624_AP_6_month_R.bmp	None	'IIb'
2026-04-21T17:09:07.696518	Kevin	Patient_624_AP_6_month_R.bmp	'IIb'	'IIa'
2026-04-21T17:09:29.344552	Kevin	Patient_650_ap_initial_R.bmp	None	'IIb'
2026-04-21T17:09:37.537600	Kevin	Patient_667_ap_initial_R.bmp	None	'IIIa'
2026-04-21T17:10:05.354906	Kevin	Patient_694_ap_initial_L.bmp	None	'IIIa'
2026-04-21T17:10:09.298015	Kevin	Patient_694_AP_3_month_L.bmp	'IIIa'	'IIIa'
2026-04-21T17:10:23.394206	Kevin	Patient_696_ap_initial_R.bmp	None	'Ib'
2026-04-21T17:11:20.562748	Kevin	Patient_735_AP_3_month_R.bmp	None	'IIIb'
2026-04-21T17:12:13.492146	Kevin	Patient_737_AP_3_month_L.bmp	None	'IIIb'
2026-04-21T17:12:18.724897	Kevin	Patient_737_AP_3_month_L.bmp	'IIIb'	'IIb'
2026-04-21T17:13:16.182132	Kevin	Patient_738_AP_FinalSM_L.bmp	None	'IIIb'
2026-04-21T17:13:24.612033	Kevin	Patient_738_AP_6_month_L.bmp	None	'Ib'
2026-04-21T17:13:44.148822	Kevin	Patient_848_AP_3_month_L.bmp	None	'Ib'
2026-04-21T17:14:48.726268	Kevin	Patient_895_AP_3_month_R.bmp	None	'Ib'
2026-04-21T17:15:05.414652	Kevin	Patient_928_ap_final_L.bmp	None	'IV'
2026-04-21T17:15:43.495380	Kevin	Patient_1018_ap_initial_R.bmp	None	'IIa'
2026-04-21T17:16:14.118767	Kevin	Patient_1069_ap_final_R.bmp	None	'IIIb'
2026-04-21T17:16:29.815269	Kevin	Patient_1072_ap_final_R.bmp	None	'IIIb'
2026-04-21T17:17:05.224000	Kevin	Patient_4_AP_6_month_R.bmp	None	'IIa'
2026-04-21T17:17:33.305132	Kevin	Patient_36_AP_6_month_R.bmp	None	'IIa'
