2026-04-28T13:08:17.105650	Dr. Kim	Patient_15_AP_18_month_R.bmp	None	'IIIb'
2026-04-28T13:08:35.022991	Dr. Kim	Patient_20_AP_3_month_R.bmp	None	'IIa'
2026-04-28T13:08:49.199257	Dr. Kim	Patient_36_AP_3_month_R.bmp	None	'IIb'
2026-04-28T13:09:15.647118	Dr. Kim	Patient_62_AP_18_month_L.bmp	None	'IIIb'
2026-04-28T13:09:31.743163	Dr. Kim	Patient_64_AP_6_month_L.bmp	None	'IIIa'
2026-04-28T13:09:39.999865	Dr. Kim	Patient_70_AP_12_month_R.bmp	None	'IIb'
2026-04-28T13:09:48.671550	Dr. Kim	Patient_71_AP_12_month_L.bmp	None	'IIIa'
2026-04-28T13:10:00.688017	Dr. Kim	Patient_78_AP_12_month_R.bmp	None	'IIIa'
2026-04-28T13:10:10.895340	Dr. Kim	Patient_92_AP_3_month_L.bmp	None	'IIa'
2026-04-28T13:10:24.942880	Dr. Kim	Patient_102_AP_3_month_R.bmp	None	'IIb'
2026-04-28T13:10:37.935844	Dr. Kim	Patient_110_AP_3_month_R.bmp	None	'IIIb'
2026-04-28T13:10:45.918862	Dr. Kim	Patient_132_AP_12_month_R.bmp	None	'IIb'
2026-04-28T13:10:53.055133	Dr. Kim	Patient_137_AP_12_month_R.bmp	None	'IIIb'
2026-04-28T13:11:06.495318	Dr. Kim	Patient_140_AP_6_month_R.bmp	None	'IIIa'
2026-04-28T13:11:14.575490	Dr. Kim	Patient_145_AP_6_month_L.bmp	None	'IIIb'
2026-04-28T13:11:23.967008	Dr. Kim	Patient_150_AP_36_month_L.bmp	None	'IV'
2026-04-28T13:11:49.614723	Dr. Kim	Patient_151_AP_54_month_R.bmp	None	'IV'
2026-04-28T13:11:53.824140	Dr. Kim	Patient_151_AP_5_years_R.bmp	None	'IV'
2026-04-28T13:12:27.567080	Dr. Kim	Patient_156_AP_3_month_L.bmp	None	'IIIa'
2026-04-28T13:12:33.550418	Dr. Kim	Patient_156_ap_initial_L.bmp	None	'IIb'
2026-04-28T13:12:44.799352	Dr. Kim	Patient_160_AP_3_month_R.bmp	None	'IIIb'
2026-04-28T13:12:51.582857	Dr. Kim	Patient_160_AP_12_month_R.bmp	None	'IIIb'
2026-04-28T13:13:04.654625	Dr. Kim	Patient_162_AP_6_month_L.bmp	None	'IIIa'
2026-04-28T13:13:10.958321	Dr. Kim	Patient_171_AP_24_month_R.bmp	None	'IV'
2026-04-28T13:13:17.486435	Dr. Kim	Patient_171_AP_30_month_R.bmp	None	'IV'
2026-04-28T13:13:20.542321	Dr. Kim	Patient_171_AP_36_month_R.bmp	None	'IV'
2026-04-28T13:13:21.454558	Dr. Kim	Patient_171_AP_42_month_R.bmp	None	'IV'
2026-04-28T13:13:36.734209	Dr. Kim	Patient_193_AP_6_month_L.bmp	None	'Ib'
2026-04-28T13:13:48.270240	Dr. Kim	Patient_197_AP_6_month_R.bmp	None	'IIIb'
2026-04-28T13:14:20.878572	Dr. Kim	Patient_198_AP_6_month_R.bmp	None	'IIIa'
2026-04-28T13:14:24.478141	Dr. Kim	Patient_198_AP_12_month_R.bmp	None	'IIIb'
2026-04-28T13:14:30.574138	Dr. Kim	Patient_204_AP_6_month_L.bmp	None	'IIIa'
2026-04-28T13:14:36.958331	Dr. Kim	Patient_218_AP_24_month_R.bmp	None	'IIIa'
2026-04-28T13:14:45.262659	Dr. Kim	Patient_232_AP_6_month_R.bmp	None	'IIa'
2026-04-28T13:15:25.885796	Dr. Kim	Patient_238_ap_initial_R.bmp	None	'Ib'
2026-04-28T13:15:51.662006	Dr. Kim	Patient_239_ap_final_R.bmp	None	'IIIa'
2026-04-28T13:15:56.718554	Dr. Kim	Patient_241_ap_initial_L.bmp	None	'Ib'
2026-04-28T13:16:14.701964	Dr. Kim	Patient_241_AP_6_month_L.bmp	None	'IIIb'
2026-04-28T13:16:26.622898	Dr. Kim	Patient_243_AP_12_month_L.bmp	None	'IV'
2026-04-28T13:16:38.286134	Dr. Kim	Patient_262_AP_6_month_L.bmp	None	'IIIb'
2026-04-28T13:16:45.006107	Dr. Kim	Patient_264_AP_6_month_L.bmp	None	'IIIa'
2026-04-28T13:16:50.654531	Dr. Kim	Patient_277_AP_3_month_L.bmp	None	'IIb'
2026-04-28T13:17:13.549663	Dr. Kim	Patient_279_AP_6_month_R.bmp	None	'IIa'
2026-04-28T13:17:23.021659	Dr. Kim	Patient_284_AP_3_month_R.bmp	None	'IIIb'
2026-04-28T13:17:35.421469	Dr. Kim	Patient_285_AP_12_month_L.bmp	None	'IIIb'
2026-04-28T13:17:55.534584	Dr. Kim	Patient_288_ap_initial_L.bmp	None	'IIIa'
2026-04-28T13:18:02.205447	Dr. Kim	Patient_316_ap_initial_R.bmp	None	'Ib'
2026-04-28T13:18:14.413208	Dr. Kim	Patient_316_AP_6_month_R.bmp	None	'IIIb'
2026-04-28T13:18:20.413309	Dr. Kim	Patient_317_AP_24_month_R.bmp	None	'IV'
2026-04-28T13:18:22.973906	Dr. Kim	Patient_317_AP_36_month_R.bmp	None	'IV'
2026-04-28T13:18:39.310229	Dr. Kim	Patient_325_AP_3_month_L.bmp	None	'IIIb'
2026-04-28T13:19:00.109655	Dr. Kim	Patient_329_AP_6_month_L.bmp	None	'IIIb'
2026-04-28T13:19:08.797778	Dr. Kim	Patient_330_AP_6_month_L.bmp	None	'IIa'
2026-04-28T13:19:16.142487	Dr. Kim	Patient_336_ap_initial_R.bmp	None	'IIb'
2026-04-28T13:19:31.836981	Dr. Kim	Patient_336_AP_3_month_R.bmp	None	'IIIa'
2026-04-28T13:19:37.869075	Dr. Kim	Patient_337_AP_6_month_L.bmp	None	'IIIa'
2026-04-28T13:19:48.061297	Dr. Kim	Patient_376_ap_initial_R.bmp	None	'IIIa'
2026-04-28T13:20:07.725448	Dr. Kim	Patient_377_AP_3_month_R.bmp	None	'IIa'
2026-04-28T13:20:14.269487	Dr. Kim	Patient_377_AP_6_month_R.bmp	None	'IIIa'
2026-04-28T13:20:22.093162	Dr. Kim	Patient_379_AP_6_month_L.bmp	None	'Ib'
2026-04-28T13:20:30.077423	Dr. Kim	Patient_389_AP_3_month_L.bmp	None	'Ib'
2026-04-28T13:20:44.765086	Dr. Kim	Patient_406_AP_3_month_L.bmp	None	'IIa'
2026-04-28T13:20:54.877605	Dr. Kim	Patient_417_AP_6_month_L.bmp	None	'IIIa'
2026-04-28T13:21:04.156984	Dr. Kim	Patient_428_AP_3_month_R.bmp	None	'IIIa'
2026-04-28T13:21:28.956914	Dr. Kim	Patient_478_AP_6_month_R.bmp	None	'IIa'
2026-04-28T13:21:39.436685	Dr. Kim	Patient_481_AP_24_month_R.bmp	None	'IV'
2026-04-28T13:21:48.012959	Dr. Kim	Patient_483_AP_6_month_L.bmp	None	'IIIb'
2026-04-28T13:21:55.260978	Dr. Kim	Patient_504_AP_6_month_R.bmp	None	'IIIb'
2026-04-28T13:22:13.564693	Dr. Kim	Patient_521_AP_12_month_L.bmp	None	'IIIb'
2026-04-28T13:22:30.892591	Dr. Kim	Patient_550_AP_3_month_L.bmp	None	'Ib'
2026-04-28T13:22:37.676987	Dr. Kim	Patient_550_AP_6_month_L.bmp	None	'IIa'
2026-04-28T13:22:51.005137	Dr. Kim	Patient_555_AP_6_month_R.bmp	None	'IIIb'
2026-04-28T13:22:57.260551	Dr. Kim	Patient_570_AP_6_month_L.bmp	None	'IV'
2026-04-28T13:23:00.364286	Dr. Kim	Patient_570_AP_12_month_L.bmp	None	'IV'
2026-04-28T13:23:14.908614	Dr. Kim	Patient_577_AP_6_month_R.bmp	None	'IIIb'
2026-04-28T13:23:21.660736	Dr. Kim	Patient_592_ap_initial_L.bmp	None	'IIIa'
2026-04-28T13:23:49.036256	Dr. Kim	Patient_596_AP_12_month_L.bmp	None	'IIIa'
2026-04-28T13:23:56.284206	Dr. Kim	Patient_601_AP_12_month_R.bmp	None	'IIIa'
2026-04-28T13:24:04.829664	Dr. Kim	Patient_667_ap_initial_R.bmp	None	'IIIa'
2026-04-28T13:24:15.101288	Dr. Kim	Patient_694_ap_initial_L.bmp	None	'IIb'
2026-04-28T13:24:33.292296	Dr. Kim	Patient_722_ap_initial_R.bmp	None	'IIIb'
2026-04-28T13:24:42.365247	Dr. Kim	Patient_737_AP_3_month_L.bmp	None	'IIIb'
2026-04-28T13:24:46.492238	Dr. Kim	Patient_737_AP_6_month_L.bmp	None	'IIIb'
2026-04-28T13:25:16.156445	Dr. Kim	Patient_738_AP_6_month_L.bmp	None	'IIIb'
2026-04-28T13:25:27.805147	Dr. Kim	Patient_848_AP_3_month_L.bmp	None	'IIIb'
2026-04-28T13:25:43.035967	Dr. Kim	Patient_866_AP_3_month_R.bmp	None	'IIIb'
2026-04-28T13:25:52.556175	Dr. Kim	Patient_888_AP_6_month_R.bmp	None	'IIIb'
2026-04-28T13:26:03.323730	Dr. Kim	Patient_888_AP_12_month_R.bmp	None	'IIIb'
2026-04-28T13:26:07.660067	Dr. Kim	Patient_1018_ap_initial_R.bmp	None	'IIIa'
2026-04-28T13:26:13.867723	Dr. Kim	Patient_1022_AP_6_month_L.bmp	None	'IIIb'
2026-04-28T13:26:23.051987	Dr. Kim	Patient_1069_ap_final_R.bmp	None	'IV'
2026-04-28T13:26:28.557373	Dr. Kim	Patient_1072_ap_final_R.bmp	None	'IIIa'
2026-04-28T13:26:53.691703	Dr. Kim	Patient_1243_AP_3_month_L.bmp	None	'IIIb'
